[colab] Parsing notebook '/home/kurt/colab-runs/sam-vit-segmentation-pipeline-d7091e2-3c7f52/sam_vit_segmentation_colab_d7091e2_colab-cli-t4.ipynb'...
[colab] Executing cell 1/12 - Infrastructure: build (or reuse) the isolated environment and route later cells to it...
{'isolated_environment': '/content/dimer_isolated_env_7eec5aafea15', 'reused': False, 'isolated_python': '3.12.12', 'kernel_python': '3.13.15', 'locked_packages': 49, 'setup_seconds': 57}
{'routed_to': '/content/dimer_isolated_env_7eec5aafea15/bin/python', 'worker_pid': 2937, 'worker_reused': False}
[colab] Executing cell 2/12 - Infrastructure: record the runtime...
{'notebook_source': {'repository': 'sam-vit-segmentation-pipeline', 'repository_revision': '53d963774d370a588e61358b6d8bff5b733e2047', 'embedded_module': 'src/sam_vit_segmentation_pipeline/pipeline.py', 'embedded_modules': ['src/sam_vit_segmentation_pipeline/pipeline.py', 'src/sam_vit_segmentation_pipeline/metrics.py', 'src/sam_vit_segmentation_pipeline/samples.py'], 'module_sha256': '8797f2bc6eda6d7abcb1327ab040767ef824833e1d0f3e2ed7fec8ff918fe180', 'generator': 'build_notebook.py/2.2', 'notebook_spec': '2.2'}, 'python': '3.12.12', 'executable': '/content/dimer_isolated_env_7eec5aafea15/bin/python', 'torch': '2.14.0+cu130', 'transformers': '4.57.6', 'cuda': True}
[colab] Executing cell 3/12 - sam_vit_segmentation-08...
[colab] Executing cell 4/12 - sam_vit_segmentation-10...
[colab] Executing cell 5/12 - sam_vit_segmentation-12...
[colab] Executing cell 6/12 - Infrastructure: stage and digest-verify the pinned snapshot, then load the model...
{'model_id': 'facebook/sam-vit-base', 'revision': '70c1a07f894ebb5b307fd9eaaee97b9dfc16068f', 'license': 'apache-2.0', 'files': 4, 'total_bytes': 374993239}
{'weights_dir': '/content/weights/sam-vit-base', 'fetched': ['README.md', 'config.json', 'model.safetensors', 'preprocessor_config.json']}
{'verified_files': 4, 'revision': '70c1a07f894ebb5b307fd9eaaee97b9dfc16068f'}
{'device': 'cuda:0', 'source': 'local-snapshot'}
[colab] Executing cell 7/12 - sam_vit_segmentation-16...
{'data_source': 'ADE20K scene parsing (validation), first three parquet row groups: zhoubolei/scene_parse_150@e660d866a135 (BSD-3-Clause (MIT CSAIL scene parsing benchmark, Zhou et al. 2017; https://github.com/CSAILVision/sceneparsing))', 'raw_rows': {'rows': 300, 'bytes': 14147783, 'targets': 296, 'classes': 55, 'seconds': 16.6}, 'splits': {'train': 180, 'validation': 45, 'test': 70}, 'target_rule': {'component': 'largest 4-connected component of one class', 'area_fraction': [0.03, 0.35], 'point': 'distance-transform maximum', 'box': 'tight bounds'}}
{'train': {'n': 180, 'classes': 43, 'top_classes': {'wall': 33, 'sky': 23, 'floor': 18, 'road': 15, 'ceiling': 13, 'tree': 10}, 'image_side': {'min': 250, 'max': 891}, 'mask_fraction': {'min': 0.0317, 'max': 0.3462}, 'digest': '63fc58e945f24d01...'}}
{'validation': {'n': 45, 'classes': 19, 'top_classes': {'wall': 11, 'ceiling': 6, 'floor': 5, 'sky': 4, 'building': 3, 'road': 3}, 'image_side': {'min': 240, 'max': 975}, 'mask_fraction': {'min': 0.031, 'max': 0.3485}, 'digest': '942b78d6ada979bb...'}}
{'test': {'n': 70, 'classes': 22, 'top_classes': {'wall': 13, 'sky': 10, 'floor': 8, 'building': 7, 'road': 7, 'cabinet': 3}, 'image_side': {'min': 256, 'max': 861}, 'mask_fraction': {'min': 0.0489, 'max': 0.3465}, 'digest': '30de5baaec3d8d63...'}}
{'example': {'id': 'ade-val-244', 'category': 'sidewalk', 'image': [683, 512], 'mask_px': 62076, 'point': [278.0, 413.0], 'box': [130.0, 239.0, 592.0, 510.0]}}
{'probe': 'duplicate id', 'rejected': "duplicate id 'same'"}
{'probe': 'click outside its mask', 'rejected': 'records[0]: point [0.0, 0.0] is not inside the mask'}
{'probe': 'box does not enclose the mask', 'rejected': 'records[0]: box [278.0, 413.0, 279.0, 414.0] does not enclose the mask'}
{'probe': 'too small', 'rejected': '3 records; 8..5000 are required'}
[colab] Executing cell 8/12 - sam_vit_segmentation-19...
{'ceilings': {'MIN_IMAGE_SIDE': 16, 'MAX_IMAGE_SIDE': 4096, 'MAX_PROMPTS': 16, 'NUM_MULTIMASK_OUTPUTS': 3, 'MASK_THRESHOLD': 0.0, 'MIN_RECORDS': 8, 'MAX_RECORDS': 5000, 'device': 'cuda:0'}}
{'scene': 'synthetic_scene_320x240.png', 'sha256': 'c51d11b2074ee4f6...', 'manifest_verdict': 'accepted', 'findings': 1}
{'frozen': {'seconds': 1.389, 'checks': {'shape': True, 'dtype_bool': True, 'one_score_per_mask': True, 'identity_reported': True}, 'iou_scores_model_predicted': [0.957, 1.0116, 0.982], 'scores_above_one': [1], 'best_candidate': 1, 'mask_iou_vs_reference': {0: 0.704, 1: 1.0, 2: 0.974}, 'verdict': 'sample-sanity'}}
[colab] Executing cell 9/12 - sam_vit_segmentation-22...
{'frozen_decoder_snapshot': 'taken', 'tensors': 120, 'adapted': False}
{'box_fill_baseline': {'iou': 0.614, 'hit_rate': 0.657}, 'n': 70, 'note': 'the box prompt filled'}
{'centre_disk_baseline': {'iou': 0.442, 'hit_rate': 0.286}, 'note': "a disk around the point prompt with the target's area"}
{'frozen_point_test': {'iou': 0.564, 'hit_rate': 0.6}, 'frozen_box_test': {'iou': 0.784, 'hit_rate': 0.857}, 'n': 70, 'verdict': 'measured', 'seconds': 60.2}
{'definitions': {'iou': "mean intersection-over-union between the predicted mask and the record's target mask; in 0..1, higher is better", 'hit_rate': 'fraction of records whose predicted mask reaches IoU >= 0.5 with the target; in 0..1'}, 'hit_threshold': 0.5}
{'by_class_frozen': {'wall': {'n': 13, 'point_iou': 0.402, 'box_iou': 0.612}, 'sky': {'n': 10, 'point_iou': 0.899, 'box_iou': 0.919}, 'floor': {'n': 8, 'point_iou': 0.693, 'box_iou': 0.795}, 'building': {'n': 7, 'point_iou': 0.373, 'box_iou': 0.82}, 'road': {'n': 7, 'point_iou': 0.803, 'box_iou': 0.873}, 'cabinet': {'n': 3, 'point_iou': 0.136, 'box_iou': 0.664}, 'ceiling': {'n': 3, 'point_iou': 0.495, 'box_iou': 0.854}, 'seat': {'n': 3, 'point_iou': 0.026, 'box_iou': 0.844}, 'curtain': {'n': 2, 'point_iou': 0.651, 'box_iou': 0.593}, 'tree': {'n': 2, 'point_iou': 0.185, 'box_iou': 0.938}, 'animal': {'n': 1, 'point_iou': 0.926, 'box_iou': 0.926}, 'bookcase': {'n': 1, 'point_iou': 0.461, 'box_iou': 0.488}, 'chair': {'n': 1, 'point_iou': 0.052, 'box_iou': 0.877}, 'computer': {'n': 1, 'point_iou': 0.339, 'box_iou': 0.731}, 'dirt track': {'n': 1, 'point_iou': 0.867, 'box_iou': 0.499}, 'earth': {'n': 1, 'point_iou': 0.821, 'box_iou': 0.837}, 'grass': {'n': 1, 'point_iou': 0.553, 'box_iou': 0.851}, 'person': {'n': 1, 'point_iou': 0.213, 'box_iou': 0.774}, 'pier': {'n': 1, 'point_iou': 0.922, 'box_iou': 0.926}, 'sea': {'n': 1, 'point_iou': 0.947, 'box_iou': 0.945}, 'sidewalk': {'n': 1, 'point_iou': 0.931, 'box_iou': 0.933}, 'water': {'n': 1, 'point_iou': 0.835, 'box_iou': 0.622}}}
{'frozen_box_vs_centre_disk': 'above the centre-disk baseline', 'frozen_box_iou': 0.784, 'centre_disk_iou': 0.442}
[colab] Executing cell 10/12 - sam_vit_segmentation-25...
{'epoch': 0, 'train_loss': None, 'val_point_iou': 0.629, 'val_box_iou': 0.817, 'val_score': 0.723, 'note': 'frozen model'}
{'epoch': 1, 'train_loss': 0.3928, 'val_point_iou': 0.7, 'val_box_iou': 0.803, 'val_score': 0.751}
{'epoch': 2, 'train_loss': 0.3216, 'val_point_iou': 0.723, 'val_box_iou': 0.793, 'val_score': 0.758}
{'epoch': 3, 'train_loss': 0.2893, 'val_point_iou': 0.708, 'val_box_iou': 0.799, 'val_score': 0.753}
{'epoch': 4, 'train_loss': 0.2964, 'val_point_iou': 0.623, 'val_box_iou': 0.806, 'val_score': 0.715}
{'epoch': 5, 'train_loss': 0.2566, 'val_point_iou': 0.664, 'val_box_iou': 0.804, 'val_score': 0.734}
{'epoch': 6, 'train_loss': 0.2613, 'val_point_iou': 0.744, 'val_box_iou': 0.819, 'val_score': 0.782}
{'trainable_parameters': 4058340, 'total_parameters': 93735472, 'embedding_seconds': 70.352, 'best_epoch': 6, 'selection': 'highest mean of validation point- and box-prompt IoU', 'loss': 'binary cross-entropy + soft Dice on the 256x256 single-mask logits', 'seconds': 462.6}
[colab] Executing cell 11/12 - sam_vit_segmentation-28...
{'iou': {'centre_disk': 0.442, 'box_fill': 0.614, 'frozen_point': 0.564, 'adapted_point': 0.688, 'frozen_box': 0.784, 'adapted_box': 0.779}}
{'hit_rate': {'centre_disk': 0.286, 'box_fill': 0.657, 'frozen_point': 0.6, 'adapted_point': 0.743, 'frozen_box': 0.857, 'adapted_box': 0.929}}
{'delta_point_vs_frozen': {'iou': 0.124, 'hit_rate': 0.143}}
{'delta_point_vs_box_fill': {'iou': 0.074, 'hit_rate': 0.086}}
{'delta_box_vs_frozen': {'iou': -0.005, 'hit_rate': 0.071}}
{'by_class': {'wall': {'n': 13, 'frozen_point': 0.402, 'adapted_point': 0.548, 'frozen_box': 0.612, 'adapted_box': 0.669}, 'sky': {'n': 10, 'frozen_point': 0.899, 'adapted_point': 0.916, 'frozen_box': 0.919, 'adapted_box': 0.931}, 'floor': {'n': 8, 'frozen_point': 0.693, 'adapted_point': 0.769, 'frozen_box': 0.795, 'adapted_box': 0.788}, 'building': {'n': 7, 'frozen_point': 0.373, 'adapted_point': 0.637, 'frozen_box': 0.82, 'adapted_box': 0.822}, 'road': {'n': 7, 'frozen_point': 0.803, 'adapted_point': 0.815, 'frozen_box': 0.873, 'adapted_box': 0.866}, 'cabinet': {'n': 3, 'frozen_point': 0.136, 'adapted_point': 0.458, 'frozen_box': 0.664, 'adapted_box': 0.619}, 'ceiling': {'n': 3, 'frozen_point': 0.495, 'adapted_point': 0.679, 'frozen_box': 0.854, 'adapted_box': 0.824}, 'seat': {'n': 3, 'frozen_point': 0.026, 'adapted_point': 0.312, 'frozen_box': 0.844, 'adapted_box': 0.742}, 'curtain': {'n': 2, 'frozen_point': 0.651, 'adapted_point': 0.672, 'frozen_box': 0.593, 'adapted_box': 0.641}, 'tree': {'n': 2, 'frozen_point': 0.185, 'adapted_point': 0.679, 'frozen_box': 0.938, 'adapted_box': 0.765}, 'animal': {'n': 1, 'frozen_point': 0.926, 'adapted_point': 0.933, 'frozen_box': 0.926, 'adapted_box': 0.95}, 'bookcase': {'n': 1, 'frozen_point': 0.461, 'adapted_point': 0.46, 'frozen_box': 0.488, 'adapted_box': 0.495}, 'chair': {'n': 1, 'frozen_point': 0.052, 'adapted_point': 0.521, 'frozen_box': 0.877, 'adapted_box': 0.706}, 'computer': {'n': 1, 'frozen_point': 0.339, 'adapted_point': 0.331, 'frozen_box': 0.731, 'adapted_box': 0.748}, 'dirt track': {'n': 1, 'frozen_point': 0.867, 'adapted_point': 0.705, 'frozen_box': 0.499, 'adapted_box': 0.6}, 'earth': {'n': 1, 'frozen_point': 0.821, 'adapted_point': 0.878, 'frozen_box': 0.837, 'adapted_box': 0.866}, 'grass': {'n': 1, 'frozen_point': 0.553, 'adapted_point': 0.93, 'frozen_box': 0.851, 'adapted_box': 0.914}, 'person': {'n': 1, 'frozen_point': 0.213, 'adapted_point': 0.373, 'frozen_box': 0.774, 'adapted_box': 0.577}, 'pier': {'n': 1, 'frozen_point': 0.922, 'adapted_point': 0.753, 'frozen_box': 0.926, 'adapted_box': 0.793}, 'sea': {'n': 1, 'frozen_point': 0.947, 'adapted_point': 0.954, 'frozen_box': 0.945, 'adapted_box': 0.957}, 'sidewalk': {'n': 1, 'frozen_point': 0.931, 'adapted_point': 0.88, 'frozen_box': 0.933, 'adapted_box': 0.9}, 'water': {'n': 1, 'frozen_point': 0.835, 'adapted_point': 0.818, 'frozen_box': 0.622, 'adapted_box': 0.564}}}
{'verdicts': {'frozen_box_vs_centre_disk': 'above the centre-disk baseline', 'adapted_point_vs_frozen_point_iou': 'improved', 'adapted_point_vs_box_fill': 'above box-fill', 'adapted_box_vs_frozen_box_iou': 'worse'}}
{'report': 'outputs/sam_vit_segmentation_evaluation_report.json', 'verdicts': {'frozen_box_vs_centre_disk': 'above the centre-disk baseline', 'adapted_point_vs_frozen_point_iou': 'improved', 'adapted_point_vs_box_fill': 'above box-fill', 'adapted_box_vs_frozen_box_iou': 'worse'}}
[colab] Executing cell 12/12 - sam_vit_segmentation-31...
{'adapted': {'seconds': 0.475, 'checks': {'shape': True, 'dtype_bool': True, 'one_score_per_mask': True, 'identity_reported': True}, 'iou_scores_model_predicted': [0.8415, 1.0155, 0.9582], 'scores_above_one': [1], 'best_candidate': 1, 'mask_iou_vs_reference': {0: 0.801, 1: 1.0, 2: 1.0}, 'verdict': 'sample-sanity'}}
{'examples': ['ade-val-163_road.png', 'ade-val-214_tree.png', 'ade-val-41_grass.png', 'ade-val-93_floor.png'], 'panel_order': ['image with click and box', 'frozen point mask', 'adapted point mask', 'target']}
{'artifact': 'outputs/sam_vit_segmentation_adapter', 'format': 'org.valcorza.sam-vit-base.adapter.v1', 'tensors': 120, 'bytes': 16248448, 'sha256': '88ca708d4d68c3f4...'}
{'reload_parity': {'identical_masks': 8, 'of': 8, 'max_pixels_differing': 0}, 'reloaded_best_epoch': 6}
['sam_vit_segmentation_adapter', 'sam_vit_segmentation_evaluation_report.json', 'sam_vit_segmentation_examples', 'sam_vit_segmentation_input_manifest.json', 'sam_vit_segmentation_mask_adapted.png', 'sam_vit_segmentation_mask_frozen.png', 'sam_vit_segmentation_result.json', 'sam_vit_segmentation_train.csv']
[colab] Saving notebook with outputs to '/home/kurt/colab-runs/sam-vit-segmentation-pipeline-d7091e2-3c7f52/sam_vit_segmentation_colab_d7091e2_colab-cli-t4_output.ipynb'...
